# 2.3.2. Установите параметры git в соответствии с вашими учетными данными:

root@eltex-practice2-pg2-v15:~# git config --global user.name VKostovsky
root@eltex-practice2-pg2-v15:~# git config --global user.email SpasiboMiryZaZemfiry@gmail.com
root@eltex-practice2-pg2-v15:~# git config --global init.defaultBranch main

# 2.3.3. Установите непосредственно программу git и набор утилит для управления github из командной строки gh:
# Установил заранее

# 2.3.4. Создайте ключ ssh

root@eltex-practice2-pg2-v15:~# ssh-keygen -t ed25519 -f ~/.ssh/OEIRU

# 2.3.5. Подключите этот комьютер к github

root@eltex-practice2-pg2-v15:~# gh auth login
	? What account do you want to log into? GitHub.com
	? What is your preferred protocol for Git operations on this host? SSH
	? Upload your SSH public key to your GitHub account? /root/.ssh/OEIRU.pub
	? Title for your SSH key: eltex-practice2-pg2-v15
	? How would you like to authenticate GitHub CLI? Login with a web browser

# 2.3.6. Укажите автоматическую авторизацию только для сайта github.com:

root@eltex-practice2-pg2-v15:~# gh auth setup-git --hostname github.com

# 2.3.7. Убедиться, что все в порядке можно командой: 

root@eltex-practice2-pg2-v15:~# gh auth status 
github.com
  ✓ Logged in to github.com account OEIRU (/root/.config/gh/hosts.yml)
  - Active account: true
  - Git operations protocol: ssh
  - Token: github_pat_11AUXQPZY0nOiMwNTmxECU_***********************************************************

# 2.3.8 Создайте репозиторий на сервере github:

root@eltex-practice2-pg2-v15:~# sudo gh repo create --public Eltex_Course
✓ Created repository OEIRU/Eltex_Course on GitHub
  https://github.com/OEIRU/Eltex_Course

# 2.3.9 Наполнение репозитория
root@eltex-practice2-pg2-v15:~# cd Git_work/
root@eltex-practice2-pg2-v15:~/Git_work# echo "# Низкоуровневое программирование на C - Модуль 1" >> README.md
root@eltex-practice2-pg2-v15:~/Git_work# git init
Initialized empty Git repository in /root/Git_work/.git/
root@eltex-practice2-pg2-v15:~/Git_work#        git add README.md
root@eltex-practice2-pg2-v15:~/Git_work# git commit -m "first commit"
[main (root-commit) 2e3a882] first commit
 1 file changed, 1 insertion(+)
 create mode 100644 README.md
root@eltex-practice2-pg2-v15:~/Git_work# git branch -M main
root@eltex-practice2-pg2-v15:~/Git_work# git remote add origin https://github.com/OEIRU/Eltex_Course.git
root@eltex-practice2-pg2-v15:~/Git_work# git status
On branch main
nothing to commit, working tree clean
root@eltex-practice2-pg2-v15:~/Git_work# git push -u origin main
Enumerating objects: 3, done.
Counting objects: 100% (3/3), done.
Delta compression using up to 2 threads
Compressing objects: 100% (2/2), done.
Writing objects: 100% (3/3), 298 bytes | 298.00 KiB/s, done.
Total 3 (delta 0), reused 0 (delta 0), pack-reused 0
To https://github.com/OEIRU/Eltex_Course.git
 * [new branch]      main -> main
branch 'main' set up to track 'origin/main'.
root@eltex-practice2-pg2-v15:~/Git_work# 

root@eltex-practice2-pg2-v15:~/Git_work# mkdir -p module1/task1
root@eltex-practice2-pg2-v15:~/Git_work# mkdir module1/task2
root@eltex-practice2-pg2-v15:~/Git_work# mkdir module1/task3

# здесь должна быть работа с scp 
# у нее такая структура
# scp user1@host1.ru:/path/to/source/file user2@host2.ru:/path/to/destination
# но я сделал через winSCP, так привычнее

root@eltex-practice2-pg2-v15:~/Git_work# git add . 
root@eltex-practice2-pg2-v15:~/Git_work# git status
On branch main
Your branch is up to date with 'origin/main'.

Changes to be committed:
  (use "git restore --staged <file>..." to unstage)
	new file:   module1/task1/eltex-pg2-v15_part3_gt50M.log
	new file:   module1/task1/practice1_part2.log
	new file:   module1/task1/practice1_part3.log

root@eltex-practice2-pg2-v15:~/Git_work# git commit -m "add task 1.2/1.3/1.3+"
[main da4a386] add task 1.2/1.3/1.3+
 3 files changed, 197 insertions(+)
 create mode 100644 module1/task1/eltex-pg2-v15_part3_gt50M.log
 create mode 100644 module1/task1/practice1_part2.log
 create mode 100644 module1/task1/practice1_part3.log
root@eltex-practice2-pg2-v15:~/Git_work# git push
Enumerating objects: 8, done.
Counting objects: 100% (8/8), done.
Delta compression using up to 2 threads
Compressing objects: 100% (5/5), done.
Writing objects: 100% (7/7), 3.77 KiB | 3.77 MiB/s, done.
Total 7 (delta 0), reused 0 (delta 0), pack-reused 0
To https://github.com/OEIRU/Eltex_Course.git
   2e3a882..da4a386  main -> main

root@eltex-practice2-pg2-v15:~/Git_work_another/Eltex_Course# git add .
root@eltex-practice2-pg2-v15:~/Git_work_another/Eltex_Course# git commit -m "README: example add"
[main ff686ec] README: example add
 1 file changed, 4 insertions(+)
root@eltex-practice2-pg2-v15:~/Git_work_another/Eltex_Course# git push
Enumerating objects: 5, done.
Counting objects: 100% (5/5), done.
Delta compression using up to 2 threads
Compressing objects: 100% (3/3), done.
Writing objects: 100% (3/3), 345 bytes | 345.00 KiB/s, done.
Total 3 (delta 1), reused 0 (delta 0), pack-reused 0
remote: Resolving deltas: 100% (1/1), completed with 1 local object.
To https://github.com/OEIRU/Eltex_Course
   da4a386..ff686ec  main -> main
   
# 2.3.10.Клонируйте ваш репозиторий:

root@eltex-practice2-pg2-v15:~# cd Git_work_another/
root@eltex-practice2-pg2-v15:~/Git_work_another# git clone https://github.com/OEIRU/Eltex_Course
Cloning into 'Eltex_Course'...
remote: Enumerating objects: 10, done.
remote: Counting objects: 100% (10/10), done.
remote: Compressing objects: 100% (7/7), done.
remote: Total 10 (delta 0), reused 10 (delta 0), pack-reused 0 (from 0)
Receiving objects: 100% (10/10), 4.03 KiB | 4.03 MiB/s, done.
root@eltex-practice2-pg2-v15:~/Git_work_another# ls
Eltex_Course
root@eltex-practice2-pg2-v15:~/Git_work_another# cd Eltex_Course/
root@eltex-practice2-pg2-v15:~/Git_work_another/Eltex_Course# ls
module1  README.md


# 2.3.11. Внесите изменение в основном каталоге, не забыв про git add/commit/push, выполните в каталоге с клоном: 

root@eltex-practice2-pg2-v15:~/Git_work_another/Eltex_Course# git fetch
root@eltex-practice2-pg2-v15:~/Git_work_another/Eltex_Course# git log origin/main 
commit ff686ec62e42f437647581cb88abbb3a02044d34 (HEAD -> main, origin/main, origin/HEAD)
Author: VKostovsky <SpasiboMiryZaZemfiry@gmail.com>
Date:   Mon Apr 14 10:50:19 2025 +0000

    README: example add

commit da4a38634a3e1531326d089c485d88056c77884c
Author: VKostovsky <SpasiboMiryZaZemfiry@gmail.com>
Date:   Mon Apr 14 10:46:07 2025 +0000

    add task 1.2/1.3/1.3+

commit 2e3a882ed7998b791ca3ac6118441f933a76d0b9
Author: VKostovsky <SpasiboMiryZaZemfiry@gmail.com>
Date:   Mon Apr 14 10:36:09 2025 +0000

    first commit
root@eltex-practice2-pg2-v15:~/Git_work_another/Eltex_Course# git diff main origin/main 
root@eltex-practice2-pg2-v15:~/Git_work_another/Eltex_Course# git merge
Already up to date.
root@eltex-practice2-pg2-v15:~/Git_work_another/Eltex_Course# 

# Я полагаю в этом примере нужно было создавать разные ветки... 
# И делать слияние. 

